#  - - - - - - - - - - - - - - - - - - - - - - - - - - - - - - - - - - - - - - -
#      ___       __       __       ___           _______. _______      _______.
#     /   \     |  |     |  |     /   \         /       ||   ____|    /       |
#    /  ^  \    |  |     |  |    /  ^  \       |   (----`|  |__      |   (----`
#   /  /_\  \   |  |     |  |   /  /_\  \       \   \    |   __|      \   \
#  /  _____  \  |  `----.|  |  /  _____  \  .----)   |   |  |____ .----)   |
# /__/     \__\ |_______||__| /__/     \__\ |_______/    |_______||_______/
# 
#  - - - - - - - - - - - - - - - - - - - - - - - - - - - - - - - - - - - - - - -
