#  - - - - - - - - - - - - - - - - -
#  ________       _______. __    __
# |       /      /       ||  |  |  |
# `---/  /      |   (----`|  |__|  |
#    /  /        \   \    |   __   |
#   /  /----..----)   |   |  |  |  |
#  /________||_______/    |__|  |__|
# 
#  - - - - - - - - - - - - - - - - -
